#! /c/Source/iverilog-install/bin/vvp
:ivl_version "12.0 (devel)" "(s20150603-1539-g2693dd32b)";
:ivl_delay_selection "TYPICAL";
:vpi_time_precision + 0;
:vpi_module "C:\iverilog\lib\ivl\system.vpi";
:vpi_module "C:\iverilog\lib\ivl\vhdl_sys.vpi";
:vpi_module "C:\iverilog\lib\ivl\vhdl_textio.vpi";
:vpi_module "C:\iverilog\lib\ivl\v2005_math.vpi";
:vpi_module "C:\iverilog\lib\ivl\va_math.vpi";
S_000001a7cbab9a40 .scope module, "Z16InstrMemory_tb" "Z16InstrMemory_tb" 2 1;
 .timescale 0 0;
v000001a7cbad2ce0_0 .var "i_addr", 15 0;
v000001a7cbad2d80_0 .net "o_instr", 15 0, L_000001a7cbaba2e0;  1 drivers
S_000001a7cbab9ff0 .scope module, "InstrMem" "Z16InstrMemory" 2 11, 3 1 0, S_000001a7cbab9a40;
 .timescale 0 0;
    .port_info 0 /INPUT 16 "i_addr";
    .port_info 1 /OUTPUT 16 "o_instr";
L_000001a7cbaba2e0 .functor BUFZ 16, L_000001a7cbad2e20, C4<0000000000000000>, C4<0000000000000000>, C4<0000000000000000>;
v000001a7cbabb6f0_0 .net *"_ivl_0", 15 0, L_000001a7cbad2e20;  1 drivers
v000001a7cbaba240_0 .net *"_ivl_3", 14 0, L_000001a7cbad2ec0;  1 drivers
v000001a7cbaba400_0 .net "i_addr", 15 0, v000001a7cbad2ce0_0;  1 drivers
L_000001a7cbb4e038 .functor BUFT 1, C4<0000101000011001>, C4<0>, C4<0>, C4<0>;
v000001a7cbaba4a0 .array "mem", 0 4;
v000001a7cbaba4a0_0 .net v000001a7cbaba4a0 0, 15 0, L_000001a7cbb4e038; 1 drivers
L_000001a7cbb4e080 .functor BUFT 1, C4<0001001000100000>, C4<0>, C4<0>, C4<0>;
v000001a7cbaba4a0_1 .net v000001a7cbaba4a0 1, 15 0, L_000001a7cbb4e080; 1 drivers
L_000001a7cbb4e0c8 .functor BUFT 1, C4<1111111100011001>, C4<0>, C4<0>, C4<0>;
v000001a7cbaba4a0_2 .net v000001a7cbaba4a0 2, 15 0, L_000001a7cbb4e0c8; 1 drivers
L_000001a7cbb4e110 .functor BUFT 1, C4<1111110001001111>, C4<0>, C4<0>, C4<0>;
v000001a7cbaba4a0_3 .net v000001a7cbaba4a0 3, 15 0, L_000001a7cbb4e110; 1 drivers
L_000001a7cbb4e158 .functor BUFT 1, C4<0000000011111101>, C4<0>, C4<0>, C4<0>;
v000001a7cbaba4a0_4 .net v000001a7cbaba4a0 4, 15 0, L_000001a7cbb4e158; 1 drivers
v000001a7cbaba540_0 .net "o_instr", 15 0, L_000001a7cbaba2e0;  alias, 1 drivers
L_000001a7cbad2e20 .array/port v000001a7cbaba4a0, L_000001a7cbad2ec0;
L_000001a7cbad2ec0 .part v000001a7cbad2ce0_0, 1, 15;
    .scope S_000001a7cbab9a40;
T_0 ;
    %vpi_call 2 7 "$dumpfile", "wave.vcd" {0 0 0};
    %vpi_call 2 8 "$dumpvars", 32'sb00000000000000000000000000000000, S_000001a7cbab9a40 {0 0 0};
    %end;
    .thread T_0;
    .scope S_000001a7cbab9a40;
T_1 ;
    %delay 2, 0;
    %pushi/vec4 0, 0, 16;
    %store/vec4 v000001a7cbad2ce0_0, 0, 16;
    %delay 2, 0;
    %pushi/vec4 2, 0, 16;
    %store/vec4 v000001a7cbad2ce0_0, 0, 16;
    %delay 2, 0;
    %pushi/vec4 4, 0, 16;
    %store/vec4 v000001a7cbad2ce0_0, 0, 16;
    %delay 2, 0;
    %pushi/vec4 6, 0, 16;
    %store/vec4 v000001a7cbad2ce0_0, 0, 16;
    %delay 2, 0;
    %pushi/vec4 8, 0, 16;
    %store/vec4 v000001a7cbad2ce0_0, 0, 16;
    %delay 2, 0;
    %vpi_call 2 28 "$finish" {0 0 0};
    %end;
    .thread T_1;
# The file index is used to find the file name in the following table.
:file_names 4;
    "N/A";
    "<interactive>";
    "Z16InstrMemory_tb.v";
    "Z16InstrMemory.v";
