#! /c/Source/iverilog-install/bin/vvp
:ivl_version "12.0 (devel)" "(s20150603-1539-g2693dd32b)";
:ivl_delay_selection "TYPICAL";
:vpi_time_precision - 12;
:vpi_module "C:\iverilog\lib\ivl\system.vpi";
:vpi_module "C:\iverilog\lib\ivl\vhdl_sys.vpi";
:vpi_module "C:\iverilog\lib\ivl\vhdl_textio.vpi";
:vpi_module "C:\iverilog\lib\ivl\v2005_math.vpi";
:vpi_module "C:\iverilog\lib\ivl\va_math.vpi";
S_0000020f4992b9d0 .scope module, "bench" "bench" 2 3;
 .timescale -9 -12;
v0000020f497f2e20_0 .var "CLK", 0 0;
v0000020f497f2ec0_0 .net "LEDS", 4 0, L_0000020f499295e0;  1 drivers
L_0000020f49870848 .functor BUFT 1, C4<0>, C4<0>, C4<0>, C4<0>;
v0000020f497f2f60_0 .net "RESET", 0 0, L_0000020f49870848;  1 drivers
v0000020f497f3000_0 .var "RXD", 0 0;
o0000020f49828078 .functor BUFZ 1, C4<z>; HiZ drive
v0000020f497f30a0_0 .net "TXD", 0 0, o0000020f49828078;  0 drivers
v0000020f49823110_0 .var "prev_LEDS", 4 0;
S_0000020f4992bb60 .scope module, "uut" "SOC" 2 10, 3 1 0, S_0000020f4992b9d0;
 .timescale -9 -12;
    .port_info 0 /INPUT 1 "CLK";
    .port_info 1 /INPUT 1 "RESET";
    .port_info 2 /OUTPUT 5 "LEDS";
    .port_info 3 /INPUT 1 "RXD";
    .port_info 4 /OUTPUT 1 "TXD";
L_0000020f499295e0 .functor BUFZ 5, v0000020f497f2d80_0, C4<00000>, C4<00000>, C4<00000>;
v0000020f4992bcf0_0 .net "CLK", 0 0, v0000020f497f2e20_0;  1 drivers
v0000020f499292f0_0 .net "LEDS", 4 0, L_0000020f499295e0;  alias, 1 drivers
v0000020f49929540_0 .net "RESET", 0 0, L_0000020f49870848;  alias, 1 drivers
v0000020f4992b770_0 .net "RXD", 0 0, v0000020f497f3000_0;  1 drivers
v0000020f497f2ce0_0 .net "TXD", 0 0, o0000020f49828078;  alias, 0 drivers
v0000020f497f2d80_0 .var "count", 4 0;
E_0000020f49929930 .event posedge, v0000020f4992bcf0_0;
    .scope S_0000020f4992bb60;
T_0 ;
    %pushi/vec4 0, 0, 5;
    %store/vec4 v0000020f497f2d80_0, 0, 5;
    %end;
    .thread T_0;
    .scope S_0000020f4992bb60;
T_1 ;
    %wait E_0000020f49929930;
    %load/vec4 v0000020f497f2d80_0;
    %addi 1, 0, 5;
    %assign/vec4 v0000020f497f2d80_0, 0;
    %jmp T_1;
    .thread T_1;
    .scope S_0000020f4992b9d0;
T_2 ;
    %pushi/vec4 0, 0, 1;
    %store/vec4 v0000020f497f3000_0, 0, 1;
    %pushi/vec4 0, 0, 5;
    %store/vec4 v0000020f49823110_0, 0, 5;
    %end;
    .thread T_2;
    .scope S_0000020f4992b9d0;
T_3 ;
    %vpi_call 2 19 "$dumpfile", "wave.vcd" {0 0 0};
    %vpi_call 2 20 "$dumpvars", 32'sb00000000000000000000000000000000, S_0000020f4992b9d0 {0 0 0};
    %end;
    .thread T_3;
    .scope S_0000020f4992b9d0;
T_4 ;
    %delay 1000, 0;
    %load/vec4 v0000020f497f2e20_0;
    %inv;
    %store/vec4 v0000020f497f2e20_0, 0, 1;
    %jmp T_4;
    .thread T_4;
    .scope S_0000020f4992b9d0;
T_5 ;
    %pushi/vec4 0, 0, 1;
    %store/vec4 v0000020f497f2e20_0, 0, 1;
T_5.0 ;
    %delay 1000, 0;
    %load/vec4 v0000020f497f2e20_0;
    %inv;
    %store/vec4 v0000020f497f2e20_0, 0, 1;
    %load/vec4 v0000020f497f2ec0_0;
    %load/vec4 v0000020f49823110_0;
    %cmp/ne;
    %jmp/0xz  T_5.1, 4;
    %vpi_call 2 31 "$display", "LEDS = %b", v0000020f497f2ec0_0 {0 0 0};
T_5.1 ;
    %load/vec4 v0000020f497f2ec0_0;
    %store/vec4 v0000020f49823110_0, 0, 5;
    %jmp T_5.0;
    %end;
    .thread T_5;
# The file index is used to find the file name in the following table.
:file_names 4;
    "N/A";
    "<interactive>";
    "./blink_tb.v";
    ".\blink.v";
