#! /c/Source/iverilog-install/bin/vvp
:ivl_version "12.0 (devel)" "(s20150603-1539-g2693dd32b)";
:ivl_delay_selection "TYPICAL";
:vpi_time_precision + 0;
:vpi_module "C:\iverilog\lib\ivl\system.vpi";
:vpi_module "C:\iverilog\lib\ivl\vhdl_sys.vpi";
:vpi_module "C:\iverilog\lib\ivl\vhdl_textio.vpi";
:vpi_module "C:\iverilog\lib\ivl\v2005_math.vpi";
:vpi_module "C:\iverilog\lib\ivl\va_math.vpi";
S_0000020f12cf2280 .scope module, "Z16CPU_tb" "Z16CPU_tb" 2 1;
 .timescale 0 0;
v0000020f12d59d30_0 .var "i_clk", 0 0;
v0000020f12d59830_0 .var "i_rst", 0 0;
S_0000020f12cf2410 .scope module, "CPU" "Z16CPU" 2 15, 3 1 0, S_0000020f12cf2280;
 .timescale 0 0;
    .port_info 0 /INPUT 1 "i_clk";
    .port_info 1 /INPUT 1 "i_rst";
v0000020f12d4fd60_0 .net "i_clk", 0 0, v0000020f12d59d30_0;  1 drivers
v0000020f12d50080_0 .net "i_rst", 0 0, v0000020f12d59830_0;  1 drivers
v0000020f12d4edc0_0 .var "r_pc", 15 0;
o0000020f12cfea18 .functor BUFZ 4, C4<zzzz>; HiZ drive
v0000020f12d50120_0 .net "w_alu_ctrl", 3 0, o0000020f12cfea18;  0 drivers
v0000020f12d4ee60_0 .net "w_alu_data", 15 0, L_0000020f12d586b0;  1 drivers
v0000020f12d4e280_0 .net "w_imm", 15 0, L_0000020f12d5a0f0;  1 drivers
v0000020f12d4e320_0 .net "w_instr", 15 0, L_0000020f12ce4f50;  1 drivers
v0000020f12d5a410_0 .net "w_mem_rdata", 15 0, L_0000020f12ce4fc0;  1 drivers
o0000020f12cfecb8 .functor BUFZ 1, C4<z>; HiZ drive
v0000020f12d59330_0 .net "w_mem_wen", 0 0, o0000020f12cfecb8;  0 drivers
v0000020f12d59fb0_0 .net "w_rd_addr", 3 0, L_0000020f12d58930;  1 drivers
o0000020f12cff018 .functor BUFZ 1, C4<z>; HiZ drive
v0000020f12d58d90_0 .net "w_rd_wen", 0 0, o0000020f12cff018;  0 drivers
v0000020f12d5a550_0 .net "w_rs1_addr", 3 0, L_0000020f12d5a050;  1 drivers
v0000020f12d58e30_0 .net "w_rs1_data", 15 0, L_0000020f12d58f70;  1 drivers
S_0000020f12cf09c0 .scope module, "ALU" "Z16ALU" 3 56, 4 1 0, S_0000020f12cf2410;
 .timescale 0 0;
    .port_info 0 /INPUT 16 "i_data_a";
    .port_info 1 /INPUT 16 "i_data_b";
    .port_info 2 /INPUT 4 "i_ctrl";
    .port_info 3 /OUTPUT 16 "o_data";
v0000020f12cd4b70_0 .net "i_ctrl", 3 0, o0000020f12cfea18;  alias, 0 drivers
v0000020f12cd3f90_0 .net "i_data_a", 15 0, L_0000020f12d58f70;  alias, 1 drivers
v0000020f12cd4670_0 .net "i_data_b", 15 0, L_0000020f12d5a0f0;  alias, 1 drivers
v0000020f12cd4210_0 .net "o_data", 15 0, L_0000020f12d586b0;  alias, 1 drivers
L_0000020f12d586b0 .ufunc/vec4 TD_Z16CPU_tb.CPU.ALU.alu, 16, L_0000020f12d58f70, L_0000020f12d5a0f0, o0000020f12cfea18 (v0000020f12cd4cb0_0, v0000020f12cd4710_0, v0000020f12cd4df0_0) S_0000020f12cf0b50;
S_0000020f12cf0b50 .scope function.vec4.s16, "alu" "alu" 4 10, 4 10 0, S_0000020f12cf09c0;
 .timescale 0 0;
; Variable alu is vec4 return value of scope S_0000020f12cf0b50
v0000020f12cd4df0_0 .var "i_ctrl", 3 0;
v0000020f12cd4cb0_0 .var "i_data_a", 15 0;
v0000020f12cd4710_0 .var "i_data_b", 15 0;
TD_Z16CPU_tb.CPU.ALU.alu ;
    %load/vec4 v0000020f12cd4df0_0;
    %dup/vec4;
    %pushi/vec4 0, 0, 4;
    %cmp/u;
    %jmp/1 T_0.0, 6;
    %dup/vec4;
    %pushi/vec4 1, 0, 4;
    %cmp/u;
    %jmp/1 T_0.1, 6;
    %dup/vec4;
    %pushi/vec4 2, 0, 4;
    %cmp/u;
    %jmp/1 T_0.2, 6;
    %dup/vec4;
    %pushi/vec4 3, 0, 4;
    %cmp/u;
    %jmp/1 T_0.3, 6;
    %dup/vec4;
    %pushi/vec4 4, 0, 4;
    %cmp/u;
    %jmp/1 T_0.4, 6;
    %dup/vec4;
    %pushi/vec4 5, 0, 4;
    %cmp/u;
    %jmp/1 T_0.5, 6;
    %dup/vec4;
    %pushi/vec4 6, 0, 4;
    %cmp/u;
    %jmp/1 T_0.6, 6;
    %dup/vec4;
    %pushi/vec4 7, 0, 4;
    %cmp/u;
    %jmp/1 T_0.7, 6;
    %dup/vec4;
    %pushi/vec4 8, 0, 4;
    %cmp/u;
    %jmp/1 T_0.8, 6;
    %load/vec4 v0000020f12cd4710_0;
    %load/vec4 v0000020f12cd4cb0_0;
    %add;
    %ret/vec4 0, 0, 16;  Assign to alu (store_vec4_to_lval)
    %jmp T_0.10;
T_0.0 ;
    %load/vec4 v0000020f12cd4710_0;
    %load/vec4 v0000020f12cd4cb0_0;
    %add;
    %ret/vec4 0, 0, 16;  Assign to alu (store_vec4_to_lval)
    %jmp T_0.10;
T_0.1 ;
    %load/vec4 v0000020f12cd4710_0;
    %load/vec4 v0000020f12cd4cb0_0;
    %sub;
    %ret/vec4 0, 0, 16;  Assign to alu (store_vec4_to_lval)
    %jmp T_0.10;
T_0.2 ;
    %load/vec4 v0000020f12cd4710_0;
    %load/vec4 v0000020f12cd4cb0_0;
    %mul;
    %ret/vec4 0, 0, 16;  Assign to alu (store_vec4_to_lval)
    %jmp T_0.10;
T_0.3 ;
    %load/vec4 v0000020f12cd4710_0;
    %load/vec4 v0000020f12cd4cb0_0;
    %div;
    %ret/vec4 0, 0, 16;  Assign to alu (store_vec4_to_lval)
    %jmp T_0.10;
T_0.4 ;
    %load/vec4 v0000020f12cd4710_0;
    %load/vec4 v0000020f12cd4cb0_0;
    %or;
    %ret/vec4 0, 0, 16;  Assign to alu (store_vec4_to_lval)
    %jmp T_0.10;
T_0.5 ;
    %load/vec4 v0000020f12cd4710_0;
    %load/vec4 v0000020f12cd4cb0_0;
    %and;
    %ret/vec4 0, 0, 16;  Assign to alu (store_vec4_to_lval)
    %jmp T_0.10;
T_0.6 ;
    %load/vec4 v0000020f12cd4710_0;
    %load/vec4 v0000020f12cd4cb0_0;
    %xor;
    %ret/vec4 0, 0, 16;  Assign to alu (store_vec4_to_lval)
    %jmp T_0.10;
T_0.7 ;
    %load/vec4 v0000020f12cd4cb0_0;
    %ix/getv 4, v0000020f12cd4cb0_0;
    %shiftl 4;
    %ret/vec4 0, 0, 16;  Assign to alu (store_vec4_to_lval)
    %jmp T_0.10;
T_0.8 ;
    %load/vec4 v0000020f12cd4cb0_0;
    %ix/getv 4, v0000020f12cd4cb0_0;
    %shiftr 4;
    %ret/vec4 0, 0, 16;  Assign to alu (store_vec4_to_lval)
    %jmp T_0.10;
T_0.10 ;
    %pop/vec4 1;
    %end;
S_0000020f12ce1790 .scope module, "DataMem" "Z16DataMemory" 3 63, 5 1 0, S_0000020f12cf2410;
 .timescale 0 0;
    .port_info 0 /INPUT 1 "i_clk";
    .port_info 1 /INPUT 16 "i_addr";
    .port_info 2 /INPUT 1 "i_wen";
    .port_info 3 /INPUT 16 "i_data";
    .port_info 4 /OUTPUT 16 "o_data";
L_0000020f12ce4fc0 .functor BUFZ 16, L_0000020f12d59650, C4<0000000000000000>, C4<0000000000000000>, C4<0000000000000000>;
v0000020f12cd42b0_0 .net *"_ivl_0", 15 0, L_0000020f12d59650;  1 drivers
v0000020f12cd4530_0 .net *"_ivl_3", 9 0, L_0000020f12d59290;  1 drivers
v0000020f12cd4350_0 .net *"_ivl_4", 11 0, L_0000020f12d58cf0;  1 drivers
L_0000020f130f0358 .functor BUFT 1, C4<00>, C4<0>, C4<0>, C4<0>;
v0000020f12cd4c10_0 .net *"_ivl_7", 1 0, L_0000020f130f0358;  1 drivers
v0000020f12cd4030_0 .net "i_addr", 15 0, L_0000020f12d586b0;  alias, 1 drivers
v0000020f12cd45d0_0 .net "i_clk", 0 0, v0000020f12d59d30_0;  alias, 1 drivers
o0000020f12cfec88 .functor BUFZ 16, C4<zzzzzzzzzzzzzzzz>; HiZ drive
v0000020f12cd4850_0 .net "i_data", 15 0, o0000020f12cfec88;  0 drivers
v0000020f12cd40d0_0 .net "i_wen", 0 0, o0000020f12cfecb8;  alias, 0 drivers
v0000020f12d4e6e0 .array "mem", 0 1023, 15 0;
v0000020f12d4f900_0 .net "o_data", 15 0, L_0000020f12ce4fc0;  alias, 1 drivers
E_0000020f12ccabd0 .event posedge, v0000020f12cd45d0_0;
L_0000020f12d59650 .array/port v0000020f12d4e6e0, L_0000020f12d58cf0;
L_0000020f12d59290 .part L_0000020f12d586b0, 1, 10;
L_0000020f12d58cf0 .concat [ 10 2 0 0], L_0000020f12d59290, L_0000020f130f0358;
S_0000020f12ce1920 .scope module, "Decoder" "Z16Decoder" 3 35, 6 1 0, S_0000020f12cf2410;
 .timescale 0 0;
    .port_info 0 /INPUT 16 "i_instr";
    .port_info 1 /OUTPUT 4 "o_opcode";
    .port_info 2 /OUTPUT 4 "o_rd_addr";
    .port_info 3 /OUTPUT 4 "o_rs1_addr";
    .port_info 4 /OUTPUT 16 "o_imm";
    .port_info 5 /OUTPUT 1 "o_rd_wen";
    .port_info 6 /OUTPUT 1 "o_mem_wen";
    .port_info 7 /OUTPUT 4 "o_alu_ctrl";
v0000020f12d4fe00_0 .net "i_instr", 15 0, L_0000020f12ce4f50;  alias, 1 drivers
v0000020f12d4efa0_0 .net "o_alu_ctrl", 3 0, o0000020f12cfea18;  alias, 0 drivers
v0000020f12d4e460_0 .net "o_imm", 15 0, L_0000020f12d5a0f0;  alias, 1 drivers
v0000020f12d4e5a0_0 .net "o_mem_wen", 0 0, o0000020f12cfecb8;  alias, 0 drivers
v0000020f12d4f4a0_0 .net "o_opcode", 3 0, L_0000020f12d59150;  1 drivers
v0000020f12d4f040_0 .net "o_rd_addr", 3 0, L_0000020f12d58930;  alias, 1 drivers
v0000020f12d4fc20_0 .net "o_rd_wen", 0 0, o0000020f12cff018;  alias, 0 drivers
v0000020f12d4fae0_0 .net "o_rs1_addr", 3 0, L_0000020f12d5a050;  alias, 1 drivers
L_0000020f12d59150 .part L_0000020f12ce4f50, 0, 4;
L_0000020f12d58930 .part L_0000020f12ce4f50, 4, 4;
L_0000020f12d5a050 .part L_0000020f12ce4f50, 8, 4;
L_0000020f12d5a0f0 .ufunc/vec4 TD_Z16CPU_tb.CPU.Decoder.get_imm, 16, L_0000020f12ce4f50 (v0000020f12d4f400_0) S_0000020f12cdad40;
S_0000020f12cdabb0 .scope function.vec4.s4, "get_alu_ctrl" "get_alu_ctrl" 6 49, 6 49 0, S_0000020f12ce1920;
 .timescale 0 0;
; Variable get_alu_ctrl is vec4 return value of scope S_0000020f12cdabb0
v0000020f12d4fea0_0 .var "i_instr", 15 0;
TD_Z16CPU_tb.CPU.Decoder.get_alu_ctrl ;
    %load/vec4 v0000020f12d4fea0_0;
    %parti/s 4, 0, 2;
    %cmpi/e 10, 0, 4;
    %jmp/0xz  T_1.11, 4;
    %pushi/vec4 0, 0, 4;
    %ret/vec4 0, 0, 4;  Assign to get_alu_ctrl (store_vec4_to_lval)
    %jmp T_1.12;
T_1.11 ;
    %pushi/vec4 0, 0, 4;
    %ret/vec4 0, 0, 4;  Assign to get_alu_ctrl (store_vec4_to_lval)
T_1.12 ;
    %end;
S_0000020f12cdad40 .scope function.vec4.s16, "get_imm" "get_imm" 6 17, 6 17 0, S_0000020f12ce1920;
 .timescale 0 0;
; Variable get_imm is vec4 return value of scope S_0000020f12cdad40
v0000020f12d4f400_0 .var "i_instr", 15 0;
TD_Z16CPU_tb.CPU.Decoder.get_imm ;
    %load/vec4 v0000020f12d4f400_0;
    %parti/s 4, 0, 2;
    %dup/vec4;
    %pushi/vec4 10, 0, 4;
    %cmp/u;
    %jmp/1 T_2.13, 6;
    %pushi/vec4 0, 0, 16;
    %ret/vec4 0, 0, 16;  Assign to get_imm (store_vec4_to_lval)
    %jmp T_2.15;
T_2.13 ;
    %load/vec4 v0000020f12d4f400_0;
    %parti/s 1, 15, 5;
    %replicate 12;
    %load/vec4 v0000020f12d4f400_0;
    %parti/s 4, 12, 5;
    %concat/vec4; draw_concat_vec4
    %ret/vec4 0, 0, 16;  Assign to get_imm (store_vec4_to_lval)
    %jmp T_2.15;
T_2.15 ;
    %pop/vec4 1;
    %end;
S_0000020f12cd6970 .scope function.vec4.s1, "get_mem_wen" "get_mem_wen" 6 38, 6 38 0, S_0000020f12ce1920;
 .timescale 0 0;
; Variable get_mem_wen is vec4 return value of scope S_0000020f12cd6970
v0000020f12d4f180_0 .var "i_instr", 15 0;
TD_Z16CPU_tb.CPU.Decoder.get_mem_wen ;
    %load/vec4 v0000020f12d4f180_0;
    %parti/s 4, 0, 2;
    %cmpi/e 10, 0, 4;
    %jmp/0xz  T_3.16, 4;
    %pushi/vec4 0, 0, 1;
    %ret/vec4 0, 0, 1;  Assign to get_mem_wen (store_vec4_to_lval)
    %jmp T_3.17;
T_3.16 ;
    %pushi/vec4 0, 0, 1;
    %ret/vec4 0, 0, 1;  Assign to get_mem_wen (store_vec4_to_lval)
T_3.17 ;
    %end;
S_0000020f12cd6b00 .scope function.vec4.s1, "get_rd_wen" "get_rd_wen" 6 27, 6 27 0, S_0000020f12ce1920;
 .timescale 0 0;
; Variable get_rd_wen is vec4 return value of scope S_0000020f12cd6b00
v0000020f12d4ef00_0 .var "i_instr", 15 0;
TD_Z16CPU_tb.CPU.Decoder.get_rd_wen ;
    %load/vec4 v0000020f12d4ef00_0;
    %parti/s 4, 0, 2;
    %cmpi/e 10, 0, 4;
    %jmp/0xz  T_4.18, 4;
    %pushi/vec4 1, 0, 1;
    %ret/vec4 0, 0, 1;  Assign to get_rd_wen (store_vec4_to_lval)
    %jmp T_4.19;
T_4.18 ;
    %pushi/vec4 0, 0, 1;
    %ret/vec4 0, 0, 1;  Assign to get_rd_wen (store_vec4_to_lval)
T_4.19 ;
    %end;
S_0000020f12ca2ce0 .scope module, "InstrMem" "Z16InstrMemory" 3 30, 7 1 0, S_0000020f12cf2410;
 .timescale 0 0;
    .port_info 0 /INPUT 16 "i_addr";
    .port_info 1 /OUTPUT 16 "o_instr";
L_0000020f12ce4f50 .functor BUFZ 16, L_0000020f12d58ed0, C4<0000000000000000>, C4<0000000000000000>, C4<0000000000000000>;
v0000020f12d4e640_0 .net *"_ivl_0", 15 0, L_0000020f12d58ed0;  1 drivers
v0000020f12d4ea00_0 .net *"_ivl_3", 14 0, L_0000020f12d59bf0;  1 drivers
v0000020f12d4e3c0_0 .net "i_addr", 15 0, v0000020f12d4edc0_0;  1 drivers
L_0000020f130f0088 .functor BUFT 1, C4<0100000001101010>, C4<0>, C4<0>, C4<0>;
v0000020f12d4ff40 .array "mem", 0 4;
v0000020f12d4ff40_0 .net v0000020f12d4ff40 0, 15 0, L_0000020f130f0088; 1 drivers
L_0000020f130f00d0 .functor BUFT 1, C4<0000000000000000>, C4<0>, C4<0>, C4<0>;
v0000020f12d4ff40_1 .net v0000020f12d4ff40 1, 15 0, L_0000020f130f00d0; 1 drivers
L_0000020f130f0118 .functor BUFT 1, C4<0000000000000000>, C4<0>, C4<0>, C4<0>;
v0000020f12d4ff40_2 .net v0000020f12d4ff40 2, 15 0, L_0000020f130f0118; 1 drivers
L_0000020f130f0160 .functor BUFT 1, C4<0000000010001010>, C4<0>, C4<0>, C4<0>;
v0000020f12d4ff40_3 .net v0000020f12d4ff40 3, 15 0, L_0000020f130f0160; 1 drivers
L_0000020f130f01a8 .functor BUFT 1, C4<0000000000000000>, C4<0>, C4<0>, C4<0>;
v0000020f12d4ff40_4 .net v0000020f12d4ff40 4, 15 0, L_0000020f130f01a8; 1 drivers
v0000020f12d4f220_0 .net "o_instr", 15 0, L_0000020f12ce4f50;  alias, 1 drivers
L_0000020f12d58ed0 .array/port v0000020f12d4ff40, L_0000020f12d59bf0;
L_0000020f12d59bf0 .part v0000020f12d4edc0_0, 1, 15;
S_0000020f12ca2e70 .scope module, "RegFile" "Z16RegisterFile" 3 45, 8 1 0, S_0000020f12cf2410;
 .timescale 0 0;
    .port_info 0 /INPUT 1 "i_clk";
    .port_info 1 /INPUT 4 "i_rs1_addr";
    .port_info 2 /OUTPUT 16 "o_rs1_data";
    .port_info 3 /INPUT 4 "i_rs2_addr";
    .port_info 4 /OUTPUT 16 "o_rs2_data";
    .port_info 5 /INPUT 4 "i_rd_addr";
    .port_info 6 /INPUT 1 "i_rd_wen";
    .port_info 7 /INPUT 16 "i_rd_data";
L_0000020f130f01f0 .functor BUFT 1, C4<0000>, C4<0>, C4<0>, C4<0>;
v0000020f12d4e8c0_0 .net/2u *"_ivl_0", 3 0, L_0000020f130f01f0;  1 drivers
L_0000020f130f0280 .functor BUFT 1, C4<00>, C4<0>, C4<0>, C4<0>;
v0000020f12d4e820_0 .net *"_ivl_11", 1 0, L_0000020f130f0280;  1 drivers
L_0000020f130f02c8 .functor BUFT 1, C4<0000>, C4<0>, C4<0>, C4<0>;
v0000020f12d4f2c0_0 .net/2u *"_ivl_14", 3 0, L_0000020f130f02c8;  1 drivers
v0000020f12d4e500_0 .net *"_ivl_16", 0 0, L_0000020f12d5a190;  1 drivers
L_0000020f130f0310 .functor BUFT 1, C4<0000000000000000>, C4<0>, C4<0>, C4<0>;
v0000020f12d4e960_0 .net/2u *"_ivl_18", 15 0, L_0000020f130f0310;  1 drivers
v0000020f12d4eb40_0 .net *"_ivl_2", 0 0, L_0000020f12d593d0;  1 drivers
v0000020f12d4ebe0_0 .net *"_ivl_20", 15 0, L_0000020f12d59470;  1 drivers
L_0000020f130f03a0 .functor BUFT 1, C4<00zzzz>, C4<0>, C4<0>, C4<0>;
v0000020f12d4ec80_0 .net *"_ivl_22", 5 0, L_0000020f130f03a0;  1 drivers
L_0000020f130f0238 .functor BUFT 1, C4<0000000000000000>, C4<0>, C4<0>, C4<0>;
v0000020f12d4f360_0 .net/2u *"_ivl_4", 15 0, L_0000020f130f0238;  1 drivers
v0000020f12d4f7c0_0 .net *"_ivl_6", 15 0, L_0000020f12d589d0;  1 drivers
v0000020f12d4f0e0_0 .net *"_ivl_8", 5 0, L_0000020f12d595b0;  1 drivers
v0000020f12d4ffe0_0 .net "i_clk", 0 0, v0000020f12d59d30_0;  alias, 1 drivers
v0000020f12d4f9a0_0 .net "i_rd_addr", 3 0, L_0000020f12d58930;  alias, 1 drivers
v0000020f12d4ed20_0 .net "i_rd_data", 15 0, L_0000020f12ce4fc0;  alias, 1 drivers
v0000020f12d4f540_0 .net "i_rd_wen", 0 0, o0000020f12cff018;  alias, 0 drivers
v0000020f12d4f5e0_0 .net "i_rs1_addr", 3 0, L_0000020f12d5a050;  alias, 1 drivers
o0000020f12cff5e8 .functor BUFZ 4, C4<zzzz>; HiZ drive
v0000020f12d4f720_0 .net "i_rs2_addr", 3 0, o0000020f12cff5e8;  0 drivers
v0000020f12d4fb80 .array "mem", 0 15, 15 0;
v0000020f12d4fa40_0 .net "o_rs1_data", 15 0, L_0000020f12d58f70;  alias, 1 drivers
v0000020f12d4fcc0_0 .net "o_rs2_data", 15 0, L_0000020f12d59510;  1 drivers
L_0000020f12d593d0 .cmp/eq 4, L_0000020f12d5a050, L_0000020f130f01f0;
L_0000020f12d589d0 .array/port v0000020f12d4fb80, L_0000020f12d595b0;
L_0000020f12d595b0 .concat [ 4 2 0 0], L_0000020f12d5a050, L_0000020f130f0280;
L_0000020f12d58f70 .functor MUXZ 16, L_0000020f12d589d0, L_0000020f130f0238, L_0000020f12d593d0, C4<>;
L_0000020f12d5a190 .cmp/eq 4, o0000020f12cff5e8, L_0000020f130f02c8;
L_0000020f12d59470 .array/port v0000020f12d4fb80, L_0000020f130f03a0;
L_0000020f12d59510 .functor MUXZ 16, L_0000020f12d59470, L_0000020f130f0310, L_0000020f12d5a190, C4<>;
    .scope S_0000020f12ca2e70;
T_5 ;
    %wait E_0000020f12ccabd0;
    %load/vec4 v0000020f12d4f540_0;
    %flag_set/vec4 8;
    %jmp/0xz  T_5.0, 8;
    %load/vec4 v0000020f12d4ed20_0;
    %load/vec4 v0000020f12d4f9a0_0;
    %pad/u 6;
    %ix/vec4 3;
    %ix/load 4, 0, 0; Constant delay
    %assign/vec4/a/d v0000020f12d4fb80, 0, 4;
    %jmp T_5.1;
T_5.0 ;
    %load/vec4 v0000020f12d4f9a0_0;
    %pad/u 6;
    %ix/vec4 4;
    %load/vec4a v0000020f12d4fb80, 4;
    %load/vec4 v0000020f12d4f9a0_0;
    %pad/u 6;
    %ix/vec4 3;
    %ix/load 4, 0, 0; Constant delay
    %assign/vec4/a/d v0000020f12d4fb80, 0, 4;
T_5.1 ;
    %jmp T_5;
    .thread T_5;
    .scope S_0000020f12ce1790;
T_6 ;
    %wait E_0000020f12ccabd0;
    %load/vec4 v0000020f12cd40d0_0;
    %flag_set/vec4 8;
    %jmp/0xz  T_6.0, 8;
    %load/vec4 v0000020f12cd4850_0;
    %load/vec4 v0000020f12cd4030_0;
    %parti/s 10, 1, 2;
    %pad/u 12;
    %ix/vec4 3;
    %ix/load 4, 0, 0; Constant delay
    %assign/vec4/a/d v0000020f12d4e6e0, 0, 4;
T_6.0 ;
    %jmp T_6;
    .thread T_6;
    .scope S_0000020f12cf2410;
T_7 ;
    %wait E_0000020f12ccabd0;
    %load/vec4 v0000020f12d50080_0;
    %flag_set/vec4 8;
    %jmp/0xz  T_7.0, 8;
    %pushi/vec4 0, 0, 16;
    %assign/vec4 v0000020f12d4edc0_0, 0;
    %jmp T_7.1;
T_7.0 ;
    %load/vec4 v0000020f12d4edc0_0;
    %addi 2, 0, 16;
    %assign/vec4 v0000020f12d4edc0_0, 0;
T_7.1 ;
    %jmp T_7;
    .thread T_7;
    .scope S_0000020f12cf2280;
T_8 ;
    %pushi/vec4 0, 0, 1;
    %store/vec4 v0000020f12d59d30_0, 0, 1;
    %pushi/vec4 0, 0, 1;
    %store/vec4 v0000020f12d59830_0, 0, 1;
    %end;
    .thread T_8;
    .scope S_0000020f12cf2280;
T_9 ;
    %delay 1, 0;
    %load/vec4 v0000020f12d59d30_0;
    %inv;
    %assign/vec4 v0000020f12d59d30_0, 0;
    %jmp T_9;
    .thread T_9;
    .scope S_0000020f12cf2280;
T_10 ;
    %vpi_call 2 11 "$dumpfile", "wave.vcd" {0 0 0};
    %vpi_call 2 12 "$dumpvars", 32'sb00000000000000000000000000000000, S_0000020f12cf2280 {0 0 0};
    %end;
    .thread T_10;
    .scope S_0000020f12cf2280;
T_11 ;
    %pushi/vec4 1, 0, 1;
    %store/vec4 v0000020f12d59830_0, 0, 1;
    %delay 2, 0;
    %pushi/vec4 0, 0, 1;
    %store/vec4 v0000020f12d59830_0, 0, 1;
    %delay 100, 0;
    %vpi_call 2 27 "$finish" {0 0 0};
    %end;
    .thread T_11;
# The file index is used to find the file name in the following table.
:file_names 9;
    "N/A";
    "<interactive>";
    "Z16CPU_tb.v";
    "Z16CPU.v";
    "Z16ALU.v";
    "Z16DataMemory.v";
    "Z16Decoder.v";
    "Z16InstrMemory.v";
    "Z16RegisterFile.v";
